\BOOKMARK [1][-]{Doc-Start}{\376\377\000A\000b\000s\000t\000r\000a\000c\000t}{}% 1
\BOOKMARK [1][-]{section.1}{\376\377\000I\000n\000t\000r\000o\000d\000u\000c\000t\000i\000o\000n}{}% 2
\BOOKMARK [1][-]{section.2}{\376\377\000D\000a\000t\000a\000s\000e\000t\000\040\000a\000n\000d\000\040\000E\000x\000p\000e\000r\000i\000m\000e\000n\000t\000a\000l\000\040\000S\000e\000t\000u\000p}{}% 3
\BOOKMARK [2][-]{subsection.2.1}{\376\377\000D\000a\000t\000a\000\040\000S\000o\000u\000r\000c\000e}{section.2}% 4
\BOOKMARK [2][-]{subsection.2.2}{\376\377\000S\000p\000l\000i\000t\000t\000i\000n\000g\000\040\000P\000r\000o\000t\000o\000c\000o\000l}{section.2}% 5
\BOOKMARK [1][-]{section.3}{\376\377\000M\000o\000d\000e\000l\000\040\000S\000e\000t\000u\000p}{}% 6
\BOOKMARK [1][-]{section.4}{\376\377\000E\000v\000a\000l\000u\000a\000t\000i\000o\000n\000\040\000M\000e\000t\000r\000i\000c\000s}{}% 7
\BOOKMARK [1][-]{section.5}{\376\377\000A\000l\000a\000r\000m\000\040\000E\000p\000i\000s\000o\000d\000e\000\040\000C\000l\000a\000s\000s\000i\000f\000i\000c\000a\000t\000i\000o\000n\000\040\000L\000a\000y\000e\000r}{}% 8
\BOOKMARK [2][-]{subsection.5.1}{\376\377\000T\000i\000m\000e\000s\000t\000a\000m\000p\000\040\000P\000r\000e\000d\000i\000c\000t\000i\000o\000n\000s\000\040\000t\000o\000\040\000A\000l\000a\000r\000m\000\040\000E\000p\000i\000s\000o\000d\000e\000s}{section.5}% 9
\BOOKMARK [1][-]{section.6}{\376\377\000E\000x\000p\000l\000a\000i\000n\000a\000b\000l\000e\000\040\000A\000I\000\040\000M\000e\000t\000h\000o\000d\000o\000l\000o\000g\000y}{}% 10
\BOOKMARK [2][-]{subsection.6.1}{\376\377\000R\000o\000l\000e\000\040\000o\000f\000\040\000X\000A\000I\000\040\000i\000n\000\040\000T\000h\000i\000s\000\040\000P\000r\000o\000j\000e\000c\000t}{section.6}% 11
\BOOKMARK [2][-]{subsection.6.2}{\376\377\000S\000H\000A\000P}{section.6}% 12
\BOOKMARK [2][-]{subsection.6.3}{\376\377\000L\000I\000M\000E}{section.6}% 13
\BOOKMARK [2][-]{subsection.6.4}{\376\377\000T\000e\000m\000p\000o\000r\000a\000l\000\040\000E\000v\000i\000d\000e\000n\000c\000e\000\040\000M\000e\000t\000r\000i\000c\000s}{section.6}% 14
\BOOKMARK [1][-]{section.7}{\376\377\000C\000r\000o\000s\000s\000-\000F\000o\000l\000d\000\040\000X\000A\000I\000\040\000E\000v\000i\000d\000e\000n\000c\000e\000\040\000A\000n\000a\000l\000y\000s\000i\000s}{}% 15
\BOOKMARK [1][-]{section.8}{\376\377\000C\000o\000m\000p\000a\000r\000a\000t\000i\000v\000e\000\040\000X\000A\000I\000\040\000A\000n\000a\000l\000y\000s\000i\000s}{}% 16
\BOOKMARK [2][-]{subsection.8.1}{\376\377\000C\000r\000o\000s\000s\000-\000M\000e\000t\000h\000o\000d\000\040\000a\000n\000d\000\040\000C\000r\000o\000s\000s\000-\000M\000o\000d\000e\000l\000\040\000A\000g\000r\000e\000e\000m\000e\000n\000t}{section.8}% 17
\BOOKMARK [1][-]{section.9}{\376\377\000O\000p\000e\000r\000a\000t\000o\000r\000-\000F\000a\000c\000i\000n\000g\000\040\000A\000l\000a\000r\000m\000\040\000E\000v\000i\000d\000e\000n\000c\000e}{}% 18
\BOOKMARK [1][-]{section.10}{\376\377\000D\000i\000s\000c\000u\000s\000s\000i\000o\000n}{}% 19
\BOOKMARK [2][-]{subsection.10.1}{\376\377\000O\000p\000e\000r\000a\000t\000i\000o\000n\000a\000l\000\040\000V\000a\000l\000u\000e}{section.10}% 20
\BOOKMARK [1][-]{section.11}{\376\377\000L\000i\000m\000i\000t\000a\000t\000i\000o\000n\000s}{}% 21
\BOOKMARK [1][-]{section.12}{\376\377\000C\000o\000n\000c\000l\000u\000s\000i\000o\000n}{}% 22
